// Jest Snapshot v1, https://goo.gl/fbAQLP

exports[`Splash screen Must match the snapshot 1`] = `
<View
  style={
    Object {
      "backgroundColor": "#FFFFFF",
      "flex": 1,
    }
  }
>
  <View
    style={
      Object {
        "alignItems": "center",
        "flexDirection": "column",
        "flexGrow": 1,
        "justifyContent": "center",
      }
    }
  >
    <View
      style={
        Array [
          Object {
            "aspectRatio": 1,
          },
          undefined,
          Object {
            "width": 187.5,
          },
        ]
      }
    >
      <View
        autoPlay={true}
        enableMergePathsAndroidForKitKatAndAbove={false}
        forwardedRef={[Function]}
        loop={true}
        onAnimationFinish={[Function]}
        onLayout={[Function]}
        progress={0}
        resizeMode="contain"
        sourceJson="{\\"v\\":\\"5.4.3\\",\\"fr\\":30,\\"ip\\":0,\\"op\\":30,\\"w\\":2048,\\"h\\":2048,\\"nm\\":\\"server_loop\\",\\"ddd\\":0,\\"assets\\":[],\\"layers\\":[{\\"ddd\\":0,\\"ind\\":1,\\"ty\\":3,\\"nm\\":\\"Null 2\\",\\"sr\\":1,\\"ks\\":{\\"o\\":{\\"a\\":0,\\"k\\":0,\\"ix\\":11},\\"r\\":{\\"a\\":0,\\"k\\":0,\\"ix\\":10},\\"p\\":{\\"a\\":0,\\"k\\":[1024,1024,0],\\"ix\\":2},\\"a\\":{\\"a\\":0,\\"k\\":[0,0,0],\\"ix\\":1},\\"s\\":{\\"a\\":0,\\"k\\":[400,400,100],\\"ix\\":6}},\\"ao\\":0,\\"ef\\":[{\\"ty\\":5,\\"nm\\":\\"dot\\",\\"np\\":3,\\"mn\\":\\"ADBE Slider Control\\",\\"ix\\":1,\\"en\\":1,\\"ef\\":[{\\"ty\\":0,\\"nm\\":\\"Slider\\",\\"mn\\":\\"ADBE Slider Control-0001\\",\\"ix\\":1,\\"v\\":{\\"a\\":1,\\"k\\":[{\\"i\\":{\\"x\\":[0.833],\\"y\\":[0.833]},\\"o\\":{\\"x\\":[0.167],\\"y\\":[0.167]},\\"n\\":[\\"0p833_0p833_0p167_0p167\\"],\\"t\\":20.031,\\"s\\":[100],\\"e\\":[100]},{\\"i\\":{\\"x\\":[0.833],\\"y\\":[0.833]},\\"o\\":{\\"x\\":[0.167],\\"y\\":[0.167]},\\"n\\":[\\"0p833_0p833_0p167_0p167\\"],\\"t\\":22.034,\\"s\\":[100],\\"e\\":[0]},{\\"i\\":{\\"x\\":[0.833],\\"y\\":[0.833]},\\"o\\":{\\"x\\":[0.167],\\"y\\":[0.167]},\\"n\\":[\\"0p833_0p833_0p167_0p167\\"],\\"t\\":28.044,\\"s\\":[0],\\"e\\":[100]},{\\"t\\":30.046875}],\\"ix\\":1}}]},{\\"ty\\":5,\\"nm\\":\\"dot 2\\",\\"np\\":3,\\"mn\\":\\"ADBE Slider Control\\",\\"ix\\":2,\\"en\\":1,\\"ef\\":[{\\"ty\\":0,\\"nm\\":\\"Slider\\",\\"mn\\":\\"ADBE Slider Control-0001\\",\\"ix\\":1,\\"v\\":{\\"a\\":1,\\"k\\":[{\\"i\\":{\\"x\\":[0.833],\\"y\\":[0.833]},\\"o\\":{\\"x\\":[0.167],\\"y\\":[0.167]},\\"n\\":[\\"0p833_0p833_0p167_0p167\\"],\\"t\\":9.988,\\"s\\":[100],\\"e\\":[100]},{\\"i\\":{\\"x\\":[0.833],\\"y\\":[0.833]},\\"o\\":{\\"x\\":[0.167],\\"y\\":[0.167]},\\"n\\":[\\"0p833_0p833_0p167_0p167\\"],\\"t\\":11.991,\\"s\\":[100],\\"e\\":[0]},{\\"i\\":{\\"x\\":[0.833],\\"y\\":[0.833]},\\"o\\":{\\"x\\":[0.167],\\"y\\":[0.167]},\\"n\\":[\\"0p833_0p833_0p167_0p167\\"],\\"t\\":18.001,\\"s\\":[0],\\"e\\":[100]},{\\"t\\":20.00390625}],\\"ix\\":1}}]},{\\"ty\\":5,\\"nm\\":\\"dot 3\\",\\"np\\":3,\\"mn\\":\\"ADBE Slider Control\\",\\"ix\\":3,\\"en\\":1,\\"ef\\":[{\\"ty\\":0,\\"nm\\":\\"Slider\\",\\"mn\\":\\"ADBE Slider Control-0001\\",\\"ix\\":1,\\"v\\":{\\"a\\":1,\\"k\\":[{\\"i\\":{\\"x\\":[0.833],\\"y\\":[0.833]},\\"o\\":{\\"x\\":[0.167],\\"y\\":[0.167]},\\"n\\":[\\"0p833_0p833_0p167_0p167\\"],\\"t\\":0,\\"s\\":[100],\\"e\\":[100]},{\\"i\\":{\\"x\\":[0.833],\\"y\\":[0.833]},\\"o\\":{\\"x\\":[0.167],\\"y\\":[0.167]},\\"n\\":[\\"0p833_0p833_0p167_0p167\\"],\\"t\\":2.003,\\"s\\":[100],\\"e\\":[0]},{\\"i\\":{\\"x\\":[0.833],\\"y\\":[0.833]},\\"o\\":{\\"x\\":[0.167],\\"y\\":[0.167]},\\"n\\":[\\"0p833_0p833_0p167_0p167\\"],\\"t\\":8.013,\\"s\\":[0],\\"e\\":[100]},{\\"t\\":10.015625}],\\"ix\\":1}}]}],\\"ip\\":0,\\"op\\":31,\\"st\\":0,\\"bm\\":0},{\\"ddd\\":0,\\"ind\\":2,\\"ty\\":4,\\"nm\\":\\"Layer 12\\",\\"sr\\":1,\\"ks\\":{\\"o\\":{\\"a\\":1,\\"k\\":[{\\"i\\":{\\"x\\":[0.833],\\"y\\":[0.833]},\\"o\\":{\\"x\\":[0.167],\\"y\\":[0.167]},\\"n\\":[\\"0p833_0p833_0p167_0p167\\"],\\"t\\":22,\\"s\\":[100],\\"e\\":[83.929]},{\\"i\\":{\\"x\\":[0.833],\\"y\\":[0.833]},\\"o\\":{\\"x\\":[0.167],\\"y\\":[0.167]},\\"n\\":[\\"0p833_0p833_0p167_0p167\\"],\\"t\\":23,\\"s\\":[83.929],\\"e\\":[0.731]},{\\"i\\":{\\"x\\":[0.833],\\"y\\":[0.833]},\\"o\\":{\\"x\\":[0.167],\\"y\\":[0.167]},\\"n\\":[\\"0p833_0p833_0p167_0p167\\"],\\"t\\":28,\\"s\\":[0.731],\\"e\\":[47.733]},{\\"t\\":29}],\\"ix\\":11},\\"r\\":{\\"a\\":0,\\"k\\":0,\\"ix\\":10},\\"p\\":{\\"a\\":0,\\"k\\":[1674,1570.004,0],\\"ix\\":2},\\"a\\":{\\"a\\":0,\\"k\\":[162.5,737.501,0],\\"ix\\":1},\\"s\\":{\\"a\\":0,\\"k\\":[400,400,100],\\"ix\\":6}},\\"ao\\":0,\\"shapes\\":[{\\"ty\\":\\"gr\\",\\"it\\":[{\\"ind\\":0,\\"ty\\":\\"sh\\",\\"ix\\":1,\\"ks\\":{\\"a\\":0,\\"k\\":{\\"i\\":[[-6.903,0],[0,6.903],[6.903,0],[0,-6.904]],\\"o\\":[[6.903,0],[0,-6.904],[-6.903,0],[0,6.903]],\\"v\\":[[162.5,750.001],[175,737.501],[162.5,725.001],[150,737.501]],\\"c\\":true},\\"ix\\":2},\\"nm\\":\\"Path 1\\",\\"mn\\":\\"ADBE Vector Shape - Group\\",\\"hd\\":false},{\\"ty\\":\\"fl\\",\\"c\\":{\\"a\\":0,\\"k\\":[0.035294119269,0.078431375325,0.250980407,1],\\"ix\\":4},\\"o\\":{\\"a\\":0,\\"k\\":100,\\"ix\\":5},\\"r\\":1,\\"bm\\":0,\\"nm\\":\\"Fill 1\\",\\"mn\\":\\"ADBE Vector Graphic - Fill\\",\\"hd\\":false},{\\"ty\\":\\"tr\\",\\"p\\":{\\"a\\":0,\\"k\\":[0,0],\\"ix\\":2},\\"a\\":{\\"a\\":0,\\"k\\":[0,0],\\"ix\\":1},\\"s\\":{\\"a\\":0,\\"k\\":[100,100],\\"ix\\":3},\\"r\\":{\\"a\\":0,\\"k\\":0,\\"ix\\":6},\\"o\\":{\\"a\\":0,\\"k\\":100,\\"ix\\":7},\\"sk\\":{\\"a\\":0,\\"k\\":0,\\"ix\\":4},\\"sa\\":{\\"a\\":0,\\"k\\":0,\\"ix\\":5},\\"nm\\":\\"Transform\\"}],\\"nm\\":\\"Group 1\\",\\"np\\":2,\\"cix\\":2,\\"bm\\":0,\\"ix\\":1,\\"mn\\":\\"ADBE Vector Group\\",\\"hd\\":false}],\\"ip\\":0,\\"op\\":31,\\"st\\":0,\\"bm\\":0},{\\"ddd\\":0,\\"ind\\":3,\\"ty\\":4,\\"nm\\":\\"Layer 7\\",\\"sr\\":1,\\"ks\\":{\\"o\\":{\\"a\\":1,\\"k\\":[{\\"i\\":{\\"x\\":[0.833],\\"y\\":[0.833]},\\"o\\":{\\"x\\":[0.167],\\"y\\":[0.167]},\\"n\\":[\\"0p833_0p833_0p167_0p167\\"],\\"t\\":22,\\"s\\":[100],\\"e\\":[83.929]},{\\"i\\":{\\"x\\":[0.833],\\"y\\":[0.833]},\\"o\\":{\\"x\\":[0.167],\\"y\\":[0.167]},\\"n\\":[\\"0p833_0p833_0p167_0p167\\"],\\"t\\":23,\\"s\\":[83.929],\\"e\\":[0.731]},{\\"i\\":{\\"x\\":[0.833],\\"y\\":[0.833]},\\"o\\":{\\"x\\":[0.167],\\"y\\":[0.167]},\\"n\\":[\\"0p833_0p833_0p167_0p167\\"],\\"t\\":28,\\"s\\":[0.731],\\"e\\":[47.733]},{\\"t\\":29}],\\"ix\\":11},\\"r\\":{\\"a\\":0,\\"k\\":0,\\"ix\\":10},\\"p\\":{\\"a\\":0,\\"k\\":[1474,1020,0],\\"ix\\":2},\\"a\\":{\\"a\\":0,\\"k\\":[112.5,600,0],\\"ix\\":1},\\"s\\":{\\"a\\":0,\\"k\\":[400,400,100],\\"ix\\":6}},\\"ao\\":0,\\"shapes\\":[{\\"ty\\":\\"gr\\",\\"it\\":[{\\"ind\\":0,\\"ty\\":\\"sh\\",\\"ix\\":1,\\"ks\\":{\\"a\\":0,\\"k\\":{\\"i\\":[[-6.903,0],[0,6.903],[6.903,0],[0,-6.904]],\\"o\\":[[6.903,0],[0,-6.904],[-6.903,0],[0,6.903]],\\"v\\":[[112.5,612.5],[125,600],[112.5,587.5],[100,600]],\\"c\\":true},\\"ix\\":2},\\"nm\\":\\"Path 1\\",\\"mn\\":\\"ADBE Vector Shape - Group\\",\\"hd\\":false},{\\"ty\\":\\"fl\\",\\"c\\":{\\"a\\":0,\\"k\\":[0.035294119269,0.078431375325,0.250980407,1],\\"ix\\":4},\\"o\\":{\\"a\\":0,\\"k\\":100,\\"ix\\":5},\\"r\\":1,\\"bm\\":0,\\"nm\\":\\"Fill 1\\",\\"mn\\":\\"ADBE Vector Graphic - Fill\\",\\"hd\\":false},{\\"ty\\":\\"tr\\",\\"p\\":{\\"a\\":0,\\"k\\":[0,0],\\"ix\\":2},\\"a\\":{\\"a\\":0,\\"k\\":[0,0],\\"ix\\":1},\\"s\\":{\\"a\\":0,\\"k\\":[100,100],\\"ix\\":3},\\"r\\":{\\"a\\":0,\\"k\\":0,\\"ix\\":6},\\"o\\":{\\"a\\":0,\\"k\\":100,\\"ix\\":7},\\"sk\\":{\\"a\\":0,\\"k\\":0,\\"ix\\":4},\\"sa\\":{\\"a\\":0,\\"k\\":0,\\"ix\\":5},\\"nm\\":\\"Transform\\"}],\\"nm\\":\\"Group 1\\",\\"np\\":2,\\"cix\\":2,\\"bm\\":0,\\"ix\\":1,\\"mn\\":\\"ADBE Vector Group\\",\\"hd\\":false}],\\"ip\\":0,\\"op\\":31,\\"st\\":0,\\"bm\\":0},{\\"ddd\\":0,\\"ind\\":4,\\"ty\\":4,\\"nm\\":\\"Layer 5\\",\\"sr\\":1,\\"ks\\":{\\"o\\":{\\"a\\":1,\\"k\\":[{\\"i\\":{\\"x\\":[0.833],\\"y\\":[0.833]},\\"o\\":{\\"x\\":[0.167],\\"y\\":[0.167]},\\"n\\":[\\"0p833_0p833_0p167_0p167\\"],\\"t\\":22,\\"s\\":[100],\\"e\\":[83.929]},{\\"i\\":{\\"x\\":[0.833],\\"y\\":[0.833]},\\"o\\":{\\"x\\":[0.167],\\"y\\":[0.167]},\\"n\\":[\\"0p833_0p833_0p167_0p167\\"],\\"t\\":23,\\"s\\":[83.929],\\"e\\":[0.731]},{\\"i\\":{\\"x\\":[0.833],\\"y\\":[0.833]},\\"o\\":{\\"x\\":[0.167],\\"y\\":[0.167]},\\"n\\":[\\"0p833_0p833_0p167_0p167\\"],\\"t\\":28,\\"s\\":[0.731],\\"e\\":[47.733]},{\\"t\\":29}],\\"ix\\":11},\\"r\\":{\\"a\\":0,\\"k\\":0,\\"ix\\":10},\\"p\\":{\\"a\\":0,\\"k\\":[1274,470,0],\\"ix\\":2},\\"a\\":{\\"a\\":0,\\"k\\":[62.5,462.5,0],\\"ix\\":1},\\"s\\":{\\"a\\":0,\\"k\\":[400,400,100],\\"ix\\":6}},\\"ao\\":0,\\"shapes\\":[{\\"ty\\":\\"gr\\",\\"it\\":[{\\"ind\\":0,\\"ty\\":\\"sh\\",\\"ix\\":1,\\"ks\\":{\\"a\\":0,\\"k\\":{\\"i\\":[[-6.903,0],[0,6.903],[6.903,0],[0,-6.904]],\\"o\\":[[6.903,0],[0,-6.904],[-6.903,0],[0,6.903]],\\"v\\":[[62.5,475],[75,462.5],[62.5,450],[50,462.5]],\\"c\\":true},\\"ix\\":2},\\"nm\\":\\"Path 1\\",\\"mn\\":\\"ADBE Vector Shape - Group\\",\\"hd\\":false},{\\"ty\\":\\"fl\\",\\"c\\":{\\"a\\":0,\\"k\\":[0.035294119269,0.078431375325,0.250980407,1],\\"ix\\":4},\\"o\\":{\\"a\\":0,\\"k\\":100,\\"ix\\":5},\\"r\\":1,\\"bm\\":0,\\"nm\\":\\"Fill 1\\",\\"mn\\":\\"ADBE Vector Graphic - Fill\\",\\"hd\\":false},{\\"ty\\":\\"tr\\",\\"p\\":{\\"a\\":0,\\"k\\":[0,0],\\"ix\\":2},\\"a\\":{\\"a\\":0,\\"k\\":[0,0],\\"ix\\":1},\\"s\\":{\\"a\\":0,\\"k\\":[100,100],\\"ix\\":3},\\"r\\":{\\"a\\":0,\\"k\\":0,\\"ix\\":6},\\"o\\":{\\"a\\":0,\\"k\\":100,\\"ix\\":7},\\"sk\\":{\\"a\\":0,\\"k\\":0,\\"ix\\":4},\\"sa\\":{\\"a\\":0,\\"k\\":0,\\"ix\\":5},\\"nm\\":\\"Transform\\"}],\\"nm\\":\\"Group 1\\",\\"np\\":2,\\"cix\\":2,\\"bm\\":0,\\"ix\\":1,\\"mn\\":\\"ADBE Vector Group\\",\\"hd\\":false}],\\"ip\\":0,\\"op\\":31,\\"st\\":0,\\"bm\\":0},{\\"ddd\\":0,\\"ind\\":5,\\"ty\\":4,\\"nm\\":\\"Layer 11\\",\\"sr\\":1,\\"ks\\":{\\"o\\":{\\"a\\":1,\\"k\\":[{\\"i\\":{\\"x\\":[0.833],\\"y\\":[0.833]},\\"o\\":{\\"x\\":[0.167],\\"y\\":[0.167]},\\"n\\":[\\"0p833_0p833_0p167_0p167\\"],\\"t\\":11,\\"s\\":[100],\\"e\\":[99.854]},{\\"i\\":{\\"x\\":[0.833],\\"y\\":[0.833]},\\"o\\":{\\"x\\":[0.167],\\"y\\":[0.167]},\\"n\\":[\\"0p833_0p833_0p167_0p167\\"],\\"t\\":12,\\"s\\":[99.854],\\"e\\":[0.016]},{\\"i\\":{\\"x\\":[0.833],\\"y\\":[0.833]},\\"o\\":{\\"x\\":[0.167],\\"y\\":[0.167]},\\"n\\":[\\"0p833_0p833_0p167_0p167\\"],\\"t\\":18,\\"s\\":[0.016],\\"e\\":[49.878]},{\\"i\\":{\\"x\\":[0.833],\\"y\\":[0.833]},\\"o\\":{\\"x\\":[0.167],\\"y\\":[0.167]},\\"n\\":[\\"0p833_0p833_0p167_0p167\\"],\\"t\\":19,\\"s\\":[49.878],\\"e\\":[99.805]},{\\"i\\":{\\"x\\":[0.833],\\"y\\":[0.833]},\\"o\\":{\\"x\\":[0.167],\\"y\\":[0.167]},\\"n\\":[\\"0p833_0p833_0p167_0p167\\"],\\"t\\":20,\\"s\\":[99.805],\\"e\\":[100]},{\\"t\\":21}],\\"ix\\":11},\\"r\\":{\\"a\\":0,\\"k\\":0,\\"ix\\":10},\\"p\\":{\\"a\\":0,\\"k\\":[1274,1570.004,0],\\"ix\\":2},\\"a\\":{\\"a\\":0,\\"k\\":[62.5,737.501,0],\\"ix\\":1},\\"s\\":{\\"a\\":0,\\"k\\":[400,400,100],\\"ix\\":6}},\\"ao\\":0,\\"shapes\\":[{\\"ty\\":\\"gr\\",\\"it\\":[{\\"ind\\":0,\\"ty\\":\\"sh\\",\\"ix\\":1,\\"ks\\":{\\"a\\":0,\\"k\\":{\\"i\\":[[-6.903,0],[0,6.903],[6.903,0],[0,-6.904]],\\"o\\":[[6.903,0],[0,-6.904],[-6.903,0],[0,6.903]],\\"v\\":[[62.5,750.001],[75,737.501],[62.5,725.001],[50,737.501]],\\"c\\":true},\\"ix\\":2},\\"nm\\":\\"Path 1\\",\\"mn\\":\\"ADBE Vector Shape - Group\\",\\"hd\\":false},{\\"ty\\":\\"fl\\",\\"c\\":{\\"a\\":0,\\"k\\":[0.035294119269,0.078431375325,0.250980407,1],\\"ix\\":4},\\"o\\":{\\"a\\":0,\\"k\\":100,\\"ix\\":5},\\"r\\":1,\\"bm\\":0,\\"nm\\":\\"Fill 1\\",\\"mn\\":\\"ADBE Vector Graphic - Fill\\",\\"hd\\":false},{\\"ty\\":\\"tr\\",\\"p\\":{\\"a\\":0,\\"k\\":[0,0],\\"ix\\":2},\\"a\\":{\\"a\\":0,\\"k\\":[0,0],\\"ix\\":1},\\"s\\":{\\"a\\":0,\\"k\\":[100,100],\\"ix\\":3},\\"r\\":{\\"a\\":0,\\"k\\":0,\\"ix\\":6},\\"o\\":{\\"a\\":0,\\"k\\":100,\\"ix\\":7},\\"sk\\":{\\"a\\":0,\\"k\\":0,\\"ix\\":4},\\"sa\\":{\\"a\\":0,\\"k\\":0,\\"ix\\":5},\\"nm\\":\\"Transform\\"}],\\"nm\\":\\"Group 1\\",\\"np\\":2,\\"cix\\":2,\\"bm\\":0,\\"ix\\":1,\\"mn\\":\\"ADBE Vector Group\\",\\"hd\\":false}],\\"ip\\":0,\\"op\\":31,\\"st\\":0,\\"bm\\":0},{\\"ddd\\":0,\\"ind\\":6,\\"ty\\":4,\\"nm\\":\\"Layer 9\\",\\"sr\\":1,\\"ks\\":{\\"o\\":{\\"a\\":1,\\"k\\":[{\\"i\\":{\\"x\\":[0.833],\\"y\\":[0.833]},\\"o\\":{\\"x\\":[0.167],\\"y\\":[0.167]},\\"n\\":[\\"0p833_0p833_0p167_0p167\\"],\\"t\\":11,\\"s\\":[100],\\"e\\":[99.854]},{\\"i\\":{\\"x\\":[0.833],\\"y\\":[0.833]},\\"o\\":{\\"x\\":[0.167],\\"y\\":[0.167]},\\"n\\":[\\"0p833_0p833_0p167_0p167\\"],\\"t\\":12,\\"s\\":[99.854],\\"e\\":[0.016]},{\\"i\\":{\\"x\\":[0.833],\\"y\\":[0.833]},\\"o\\":{\\"x\\":[0.167],\\"y\\":[0.167]},\\"n\\":[\\"0p833_0p833_0p167_0p167\\"],\\"t\\":18,\\"s\\":[0.016],\\"e\\":[49.878]},{\\"i\\":{\\"x\\":[0.833],\\"y\\":[0.833]},\\"o\\":{\\"x\\":[0.167],\\"y\\":[0.167]},\\"n\\":[\\"0p833_0p833_0p167_0p167\\"],\\"t\\":19,\\"s\\":[49.878],\\"e\\":[99.805]},{\\"i\\":{\\"x\\":[0.833],\\"y\\":[0.833]},\\"o\\":{\\"x\\":[0.167],\\"y\\":[0.167]},\\"n\\":[\\"0p833_0p833_0p167_0p167\\"],\\"t\\":20,\\"s\\":[99.805],\\"e\\":[100]},{\\"t\\":21}],\\"ix\\":11},\\"r\\":{\\"a\\":0,\\"k\\":0,\\"ix\\":10},\\"p\\":{\\"a\\":0,\\"k\\":[1674,1020,0],\\"ix\\":2},\\"a\\":{\\"a\\":0,\\"k\\":[162.5,600,0],\\"ix\\":1},\\"s\\":{\\"a\\":0,\\"k\\":[400,400,100],\\"ix\\":6}},\\"ao\\":0,\\"shapes\\":[{\\"ty\\":\\"gr\\",\\"it\\":[{\\"ind\\":0,\\"ty\\":\\"sh\\",\\"ix\\":1,\\"ks\\":{\\"a\\":0,\\"k\\":{\\"i\\":[[-6.903,0],[0,6.903],[6.903,0],[0,-6.904]],\\"o\\":[[6.903,0],[0,-6.904],[-6.903,0],[0,6.903]],\\"v\\":[[162.5,612.5],[175,600],[162.5,587.5],[150,600]],\\"c\\":true},\\"ix\\":2},\\"nm\\":\\"Path 1\\",\\"mn\\":\\"ADBE Vector Shape - Group\\",\\"hd\\":false},{\\"ty\\":\\"fl\\",\\"c\\":{\\"a\\":0,\\"k\\":[0.035294119269,0.078431375325,0.250980407,1],\\"ix\\":4},\\"o\\":{\\"a\\":0,\\"k\\":100,\\"ix\\":5},\\"r\\":1,\\"bm\\":0,\\"nm\\":\\"Fill 1\\",\\"mn\\":\\"ADBE Vector Graphic - Fill\\",\\"hd\\":false},{\\"ty\\":\\"tr\\",\\"p\\":{\\"a\\":0,\\"k\\":[0,0],\\"ix\\":2},\\"a\\":{\\"a\\":0,\\"k\\":[0,0],\\"ix\\":1},\\"s\\":{\\"a\\":0,\\"k\\":[100,100],\\"ix\\":3},\\"r\\":{\\"a\\":0,\\"k\\":0,\\"ix\\":6},\\"o\\":{\\"a\\":0,\\"k\\":100,\\"ix\\":7},\\"sk\\":{\\"a\\":0,\\"k\\":0,\\"ix\\":4},\\"sa\\":{\\"a\\":0,\\"k\\":0,\\"ix\\":5},\\"nm\\":\\"Transform\\"}],\\"nm\\":\\"Group 1\\",\\"np\\":2,\\"cix\\":2,\\"bm\\":0,\\"ix\\":1,\\"mn\\":\\"ADBE Vector Group\\",\\"hd\\":false}],\\"ip\\":0,\\"op\\":31,\\"st\\":0,\\"bm\\":0},{\\"ddd\\":0,\\"ind\\":7,\\"ty\\":4,\\"nm\\":\\"Layer 4\\",\\"sr\\":1,\\"ks\\":{\\"o\\":{\\"a\\":1,\\"k\\":[{\\"i\\":{\\"x\\":[0.833],\\"y\\":[0.833]},\\"o\\":{\\"x\\":[0.167],\\"y\\":[0.167]},\\"n\\":[\\"0p833_0p833_0p167_0p167\\"],\\"t\\":11,\\"s\\":[100],\\"e\\":[99.854]},{\\"i\\":{\\"x\\":[0.833],\\"y\\":[0.833]},\\"o\\":{\\"x\\":[0.167],\\"y\\":[0.167]},\\"n\\":[\\"0p833_0p833_0p167_0p167\\"],\\"t\\":12,\\"s\\":[99.854],\\"e\\":[0.016]},{\\"i\\":{\\"x\\":[0.833],\\"y\\":[0.833]},\\"o\\":{\\"x\\":[0.167],\\"y\\":[0.167]},\\"n\\":[\\"0p833_0p833_0p167_0p167\\"],\\"t\\":18,\\"s\\":[0.016],\\"e\\":[49.878]},{\\"i\\":{\\"x\\":[0.833],\\"y\\":[0.833]},\\"o\\":{\\"x\\":[0.167],\\"y\\":[0.167]},\\"n\\":[\\"0p833_0p833_0p167_0p167\\"],\\"t\\":19,\\"s\\":[49.878],\\"e\\":[99.805]},{\\"i\\":{\\"x\\":[0.833],\\"y\\":[0.833]},\\"o\\":{\\"x\\":[0.167],\\"y\\":[0.167]},\\"n\\":[\\"0p833_0p833_0p167_0p167\\"],\\"t\\":20,\\"s\\":[99.805],\\"e\\":[100]},{\\"t\\":21}],\\"ix\\":11},\\"r\\":{\\"a\\":0,\\"k\\":0,\\"ix\\":10},\\"p\\":{\\"a\\":0,\\"k\\":[1474,470,0],\\"ix\\":2},\\"a\\":{\\"a\\":0,\\"k\\":[112.5,462.5,0],\\"ix\\":1},\\"s\\":{\\"a\\":0,\\"k\\":[400,400,100],\\"ix\\":6}},\\"ao\\":0,\\"shapes\\":[{\\"ty\\":\\"gr\\",\\"it\\":[{\\"ind\\":0,\\"ty\\":\\"sh\\",\\"ix\\":1,\\"ks\\":{\\"a\\":0,\\"k\\":{\\"i\\":[[-6.903,0],[0,6.903],[6.903,0],[0,-6.904]],\\"o\\":[[6.903,0],[0,-6.904],[-6.903,0],[0,6.903]],\\"v\\":[[112.5,475],[125,462.5],[112.5,450],[100,462.5]],\\"c\\":true},\\"ix\\":2},\\"nm\\":\\"Path 1\\",\\"mn\\":\\"ADBE Vector Shape - Group\\",\\"hd\\":false},{\\"ty\\":\\"fl\\",\\"c\\":{\\"a\\":0,\\"k\\":[0.035294119269,0.078431375325,0.250980407,1],\\"ix\\":4},\\"o\\":{\\"a\\":0,\\"k\\":100,\\"ix\\":5},\\"r\\":1,\\"bm\\":0,\\"nm\\":\\"Fill 1\\",\\"mn\\":\\"ADBE Vector Graphic - Fill\\",\\"hd\\":false},{\\"ty\\":\\"tr\\",\\"p\\":{\\"a\\":0,\\"k\\":[0,0],\\"ix\\":2},\\"a\\":{\\"a\\":0,\\"k\\":[0,0],\\"ix\\":1},\\"s\\":{\\"a\\":0,\\"k\\":[100,100],\\"ix\\":3},\\"r\\":{\\"a\\":0,\\"k\\":0,\\"ix\\":6},\\"o\\":{\\"a\\":0,\\"k\\":100,\\"ix\\":7},\\"sk\\":{\\"a\\":0,\\"k\\":0,\\"ix\\":4},\\"sa\\":{\\"a\\":0,\\"k\\":0,\\"ix\\":5},\\"nm\\":\\"Transform\\"}],\\"nm\\":\\"Group 1\\",\\"np\\":2,\\"cix\\":2,\\"bm\\":0,\\"ix\\":1,\\"mn\\":\\"ADBE Vector Group\\",\\"hd\\":false}],\\"ip\\":0,\\"op\\":31,\\"st\\":0,\\"bm\\":0},{\\"ddd\\":0,\\"ind\\":8,\\"ty\\":4,\\"nm\\":\\"Layer 10\\",\\"sr\\":1,\\"ks\\":{\\"o\\":{\\"a\\":1,\\"k\\":[{\\"i\\":{\\"x\\":[0.833],\\"y\\":[0.833]},\\"o\\":{\\"x\\":[0.167],\\"y\\":[0.167]},\\"n\\":[\\"0p833_0p833_0p167_0p167\\"],\\"t\\":2,\\"s\\":[100],\\"e\\":[83.409]},{\\"i\\":{\\"x\\":[0.833],\\"y\\":[0.833]},\\"o\\":{\\"x\\":[0.167],\\"y\\":[0.167]},\\"n\\":[\\"0p833_0p833_0p167_0p167\\"],\\"t\\":3,\\"s\\":[83.409],\\"e\\":[0.211]},{\\"i\\":{\\"x\\":[0.833],\\"y\\":[0.833]},\\"o\\":{\\"x\\":[0.167],\\"y\\":[0.167]},\\"n\\":[\\"0p833_0p833_0p167_0p167\\"],\\"t\\":8,\\"s\\":[0.211],\\"e\\":[49.293]},{\\"i\\":{\\"x\\":[0.833],\\"y\\":[0.833]},\\"o\\":{\\"x\\":[0.167],\\"y\\":[0.167]},\\"n\\":[\\"0p833_0p833_0p167_0p167\\"],\\"t\\":9,\\"s\\":[49.293],\\"e\\":[99.22]},{\\"i\\":{\\"x\\":[0.833],\\"y\\":[0.833]},\\"o\\":{\\"x\\":[0.167],\\"y\\":[0.167]},\\"n\\":[\\"0p833_0p833_0p167_0p167\\"],\\"t\\":10,\\"s\\":[99.22],\\"e\\":[100]},{\\"t\\":11}],\\"ix\\":11},\\"r\\":{\\"a\\":0,\\"k\\":0,\\"ix\\":10},\\"p\\":{\\"a\\":0,\\"k\\":[1474,1570.004,0],\\"ix\\":2},\\"a\\":{\\"a\\":0,\\"k\\":[112.5,737.501,0],\\"ix\\":1},\\"s\\":{\\"a\\":0,\\"k\\":[400,400,100],\\"ix\\":6}},\\"ao\\":0,\\"shapes\\":[{\\"ty\\":\\"gr\\",\\"it\\":[{\\"ind\\":0,\\"ty\\":\\"sh\\",\\"ix\\":1,\\"ks\\":{\\"a\\":0,\\"k\\":{\\"i\\":[[-6.903,0],[0,6.903],[6.903,0],[0,-6.904]],\\"o\\":[[6.903,0],[0,-6.904],[-6.903,0],[0,6.903]],\\"v\\":[[112.5,750.001],[125,737.501],[112.5,725.001],[100,737.501]],\\"c\\":true},\\"ix\\":2},\\"nm\\":\\"Path 1\\",\\"mn\\":\\"ADBE Vector Shape - Group\\",\\"hd\\":false},{\\"ty\\":\\"fl\\",\\"c\\":{\\"a\\":0,\\"k\\":[0.035294119269,0.078431375325,0.250980407,1],\\"ix\\":4},\\"o\\":{\\"a\\":0,\\"k\\":100,\\"ix\\":5},\\"r\\":1,\\"bm\\":0,\\"nm\\":\\"Fill 1\\",\\"mn\\":\\"ADBE Vector Graphic - Fill\\",\\"hd\\":false},{\\"ty\\":\\"tr\\",\\"p\\":{\\"a\\":0,\\"k\\":[0,0],\\"ix\\":2},\\"a\\":{\\"a\\":0,\\"k\\":[0,0],\\"ix\\":1},\\"s\\":{\\"a\\":0,\\"k\\":[100,100],\\"ix\\":3},\\"r\\":{\\"a\\":0,\\"k\\":0,\\"ix\\":6},\\"o\\":{\\"a\\":0,\\"k\\":100,\\"ix\\":7},\\"sk\\":{\\"a\\":0,\\"k\\":0,\\"ix\\":4},\\"sa\\":{\\"a\\":0,\\"k\\":0,\\"ix\\":5},\\"nm\\":\\"Transform\\"}],\\"nm\\":\\"Group 1\\",\\"np\\":2,\\"cix\\":2,\\"bm\\":0,\\"ix\\":1,\\"mn\\":\\"ADBE Vector Group\\",\\"hd\\":false}],\\"ip\\":0,\\"op\\":31,\\"st\\":0,\\"bm\\":0},{\\"ddd\\":0,\\"ind\\":9,\\"ty\\":4,\\"nm\\":\\"Layer 8\\",\\"sr\\":1,\\"ks\\":{\\"o\\":{\\"a\\":1,\\"k\\":[{\\"i\\":{\\"x\\":[0.833],\\"y\\":[0.833]},\\"o\\":{\\"x\\":[0.167],\\"y\\":[0.167]},\\"n\\":[\\"0p833_0p833_0p167_0p167\\"],\\"t\\":2,\\"s\\":[100],\\"e\\":[83.409]},{\\"i\\":{\\"x\\":[0.833],\\"y\\":[0.833]},\\"o\\":{\\"x\\":[0.167],\\"y\\":[0.167]},\\"n\\":[\\"0p833_0p833_0p167_0p167\\"],\\"t\\":3,\\"s\\":[83.409],\\"e\\":[0.211]},{\\"i\\":{\\"x\\":[0.833],\\"y\\":[0.833]},\\"o\\":{\\"x\\":[0.167],\\"y\\":[0.167]},\\"n\\":[\\"0p833_0p833_0p167_0p167\\"],\\"t\\":8,\\"s\\":[0.211],\\"e\\":[49.293]},{\\"i\\":{\\"x\\":[0.833],\\"y\\":[0.833]},\\"o\\":{\\"x\\":[0.167],\\"y\\":[0.167]},\\"n\\":[\\"0p833_0p833_0p167_0p167\\"],\\"t\\":9,\\"s\\":[49.293],\\"e\\":[99.22]},{\\"i\\":{\\"x\\":[0.833],\\"y\\":[0.833]},\\"o\\":{\\"x\\":[0.167],\\"y\\":[0.167]},\\"n\\":[\\"0p833_0p833_0p167_0p167\\"],\\"t\\":10,\\"s\\":[99.22],\\"e\\":[100]},{\\"t\\":11}],\\"ix\\":11},\\"r\\":{\\"a\\":0,\\"k\\":0,\\"ix\\":10},\\"p\\":{\\"a\\":0,\\"k\\":[1274,1020,0],\\"ix\\":2},\\"a\\":{\\"a\\":0,\\"k\\":[62.5,600,0],\\"ix\\":1},\\"s\\":{\\"a\\":0,\\"k\\":[400,400,100],\\"ix\\":6}},\\"ao\\":0,\\"shapes\\":[{\\"ty\\":\\"gr\\",\\"it\\":[{\\"ind\\":0,\\"ty\\":\\"sh\\",\\"ix\\":1,\\"ks\\":{\\"a\\":0,\\"k\\":{\\"i\\":[[-6.903,0],[0,6.903],[6.903,0],[0,-6.904]],\\"o\\":[[6.903,0],[0,-6.904],[-6.903,0],[0,6.903]],\\"v\\":[[62.5,612.5],[75,600],[62.5,587.5],[50,600]],\\"c\\":true},\\"ix\\":2},\\"nm\\":\\"Path 1\\",\\"mn\\":\\"ADBE Vector Shape - Group\\",\\"hd\\":false},{\\"ty\\":\\"fl\\",\\"c\\":{\\"a\\":0,\\"k\\":[0.035294119269,0.078431375325,0.250980407,1],\\"ix\\":4},\\"o\\":{\\"a\\":0,\\"k\\":100,\\"ix\\":5},\\"r\\":1,\\"bm\\":0,\\"nm\\":\\"Fill 1\\",\\"mn\\":\\"ADBE Vector Graphic - Fill\\",\\"hd\\":false},{\\"ty\\":\\"tr\\",\\"p\\":{\\"a\\":0,\\"k\\":[0,0],\\"ix\\":2},\\"a\\":{\\"a\\":0,\\"k\\":[0,0],\\"ix\\":1},\\"s\\":{\\"a\\":0,\\"k\\":[100,100],\\"ix\\":3},\\"r\\":{\\"a\\":0,\\"k\\":0,\\"ix\\":6},\\"o\\":{\\"a\\":0,\\"k\\":100,\\"ix\\":7},\\"sk\\":{\\"a\\":0,\\"k\\":0,\\"ix\\":4},\\"sa\\":{\\"a\\":0,\\"k\\":0,\\"ix\\":5},\\"nm\\":\\"Transform\\"}],\\"nm\\":\\"Group 1\\",\\"np\\":2,\\"cix\\":2,\\"bm\\":0,\\"ix\\":1,\\"mn\\":\\"ADBE Vector Group\\",\\"hd\\":false}],\\"ip\\":0,\\"op\\":31,\\"st\\":0,\\"bm\\":0},{\\"ddd\\":0,\\"ind\\":10,\\"ty\\":4,\\"nm\\":\\"Layer 6\\",\\"sr\\":1,\\"ks\\":{\\"o\\":{\\"a\\":1,\\"k\\":[{\\"i\\":{\\"x\\":[0.833],\\"y\\":[0.833]},\\"o\\":{\\"x\\":[0.167],\\"y\\":[0.167]},\\"n\\":[\\"0p833_0p833_0p167_0p167\\"],\\"t\\":2,\\"s\\":[100],\\"e\\":[83.409]},{\\"i\\":{\\"x\\":[0.833],\\"y\\":[0.833]},\\"o\\":{\\"x\\":[0.167],\\"y\\":[0.167]},\\"n\\":[\\"0p833_0p833_0p167_0p167\\"],\\"t\\":3,\\"s\\":[83.409],\\"e\\":[0.211]},{\\"i\\":{\\"x\\":[0.833],\\"y\\":[0.833]},\\"o\\":{\\"x\\":[0.167],\\"y\\":[0.167]},\\"n\\":[\\"0p833_0p833_0p167_0p167\\"],\\"t\\":8,\\"s\\":[0.211],\\"e\\":[49.293]},{\\"i\\":{\\"x\\":[0.833],\\"y\\":[0.833]},\\"o\\":{\\"x\\":[0.167],\\"y\\":[0.167]},\\"n\\":[\\"0p833_0p833_0p167_0p167\\"],\\"t\\":9,\\"s\\":[49.293],\\"e\\":[99.22]},{\\"i\\":{\\"x\\":[0.833],\\"y\\":[0.833]},\\"o\\":{\\"x\\":[0.167],\\"y\\":[0.167]},\\"n\\":[\\"0p833_0p833_0p167_0p167\\"],\\"t\\":10,\\"s\\":[99.22],\\"e\\":[100]},{\\"t\\":11}],\\"ix\\":11},\\"r\\":{\\"a\\":0,\\"k\\":0,\\"ix\\":10},\\"p\\":{\\"a\\":0,\\"k\\":[1674,470,0],\\"ix\\":2},\\"a\\":{\\"a\\":0,\\"k\\":[162.5,462.5,0],\\"ix\\":1},\\"s\\":{\\"a\\":0,\\"k\\":[400,400,100],\\"ix\\":6}},\\"ao\\":0,\\"shapes\\":[{\\"ty\\":\\"gr\\",\\"it\\":[{\\"ind\\":0,\\"ty\\":\\"sh\\",\\"ix\\":1,\\"ks\\":{\\"a\\":0,\\"k\\":{\\"i\\":[[-6.903,0],[0,6.903],[6.903,0],[0,-6.904]],\\"o\\":[[6.903,0],[0,-6.904],[-6.903,0],[0,6.903]],\\"v\\":[[162.5,475],[175,462.5],[162.5,450],[150,462.5]],\\"c\\":true},\\"ix\\":2},\\"nm\\":\\"Path 1\\",\\"mn\\":\\"ADBE Vector Shape - Group\\",\\"hd\\":false},{\\"ty\\":\\"fl\\",\\"c\\":{\\"a\\":0,\\"k\\":[0.035294119269,0.078431375325,0.250980407,1],\\"ix\\":4},\\"o\\":{\\"a\\":0,\\"k\\":100,\\"ix\\":5},\\"r\\":1,\\"bm\\":0,\\"nm\\":\\"Fill 1\\",\\"mn\\":\\"ADBE Vector Graphic - Fill\\",\\"hd\\":false},{\\"ty\\":\\"tr\\",\\"p\\":{\\"a\\":0,\\"k\\":[0,0],\\"ix\\":2},\\"a\\":{\\"a\\":0,\\"k\\":[0,0],\\"ix\\":1},\\"s\\":{\\"a\\":0,\\"k\\":[100,100],\\"ix\\":3},\\"r\\":{\\"a\\":0,\\"k\\":0,\\"ix\\":6},\\"o\\":{\\"a\\":0,\\"k\\":100,\\"ix\\":7},\\"sk\\":{\\"a\\":0,\\"k\\":0,\\"ix\\":4},\\"sa\\":{\\"a\\":0,\\"k\\":0,\\"ix\\":5},\\"nm\\":\\"Transform\\"}],\\"nm\\":\\"Group 1\\",\\"np\\":2,\\"cix\\":2,\\"bm\\":0,\\"ix\\":1,\\"mn\\":\\"ADBE Vector Group\\",\\"hd\\":false}],\\"ip\\":0,\\"op\\":31,\\"st\\":0,\\"bm\\":0},{\\"ddd\\":0,\\"ind\\":11,\\"ty\\":4,\\"nm\\":\\"Layer 3\\",\\"sr\\":1,\\"ks\\":{\\"o\\":{\\"a\\":0,\\"k\\":100,\\"ix\\":11},\\"r\\":{\\"a\\":0,\\"k\\":0,\\"ix\\":10},\\"p\\":{\\"a\\":0,\\"k\\":[1024,458,0],\\"ix\\":2},\\"a\\":{\\"a\\":0,\\"k\\":[0,459.5,0],\\"ix\\":1},\\"s\\":{\\"a\\":0,\\"k\\":[400,400,100],\\"ix\\":6}},\\"ao\\":0,\\"shapes\\":[{\\"ty\\":\\"gr\\",\\"it\\":[{\\"ty\\":\\"rc\\",\\"d\\":3,\\"s\\":{\\"a\\":0,\\"k\\":[400,119],\\"ix\\":2},\\"p\\":{\\"a\\":0,\\"k\\":[0,459.5],\\"ix\\":3},\\"r\\":{\\"a\\":0,\\"k\\":0,\\"ix\\":4},\\"nm\\":\\"Rectangle Path 1\\",\\"mn\\":\\"ADBE Vector Shape - Rect\\",\\"hd\\":false},{\\"ty\\":\\"fl\\",\\"c\\":{\\"a\\":0,\\"k\\":[0.768627464771,0.796078443527,0.823529422283,1],\\"ix\\":4},\\"o\\":{\\"a\\":0,\\"k\\":100,\\"ix\\":5},\\"r\\":1,\\"bm\\":0,\\"nm\\":\\"Fill 1\\",\\"mn\\":\\"ADBE Vector Graphic - Fill\\",\\"hd\\":false},{\\"ty\\":\\"tr\\",\\"p\\":{\\"a\\":0,\\"k\\":[0,0],\\"ix\\":2},\\"a\\":{\\"a\\":0,\\"k\\":[0,0],\\"ix\\":1},\\"s\\":{\\"a\\":0,\\"k\\":[100,100],\\"ix\\":3},\\"r\\":{\\"a\\":0,\\"k\\":0,\\"ix\\":6},\\"o\\":{\\"a\\":0,\\"k\\":100,\\"ix\\":7},\\"sk\\":{\\"a\\":0,\\"k\\":0,\\"ix\\":4},\\"sa\\":{\\"a\\":0,\\"k\\":0,\\"ix\\":5},\\"nm\\":\\"Transform\\"}],\\"nm\\":\\"Group 1\\",\\"np\\":2,\\"cix\\":2,\\"bm\\":0,\\"ix\\":1,\\"mn\\":\\"ADBE Vector Group\\",\\"hd\\":false}],\\"ip\\":0,\\"op\\":31,\\"st\\":0,\\"bm\\":0},{\\"ddd\\":0,\\"ind\\":12,\\"ty\\":4,\\"nm\\":\\"Layer 2\\",\\"sr\\":1,\\"ks\\":{\\"o\\":{\\"a\\":0,\\"k\\":100,\\"ix\\":11},\\"r\\":{\\"a\\":0,\\"k\\":0,\\"ix\\":10},\\"p\\":{\\"a\\":0,\\"k\\":[1024,1582,0],\\"ix\\":2},\\"a\\":{\\"a\\":0,\\"k\\":[0,740.5,0],\\"ix\\":1},\\"s\\":{\\"a\\":0,\\"k\\":[400,400,100],\\"ix\\":6}},\\"ao\\":0,\\"shapes\\":[{\\"ty\\":\\"gr\\",\\"it\\":[{\\"ty\\":\\"rc\\",\\"d\\":3,\\"s\\":{\\"a\\":0,\\"k\\":[400,119],\\"ix\\":2},\\"p\\":{\\"a\\":0,\\"k\\":[0,740.5],\\"ix\\":3},\\"r\\":{\\"a\\":0,\\"k\\":0,\\"ix\\":4},\\"nm\\":\\"Rectangle Path 1\\",\\"mn\\":\\"ADBE Vector Shape - Rect\\",\\"hd\\":false},{\\"ty\\":\\"fl\\",\\"c\\":{\\"a\\":0,\\"k\\":[0.768627464771,0.796078443527,0.823529422283,1],\\"ix\\":4},\\"o\\":{\\"a\\":0,\\"k\\":100,\\"ix\\":5},\\"r\\":1,\\"bm\\":0,\\"nm\\":\\"Fill 1\\",\\"mn\\":\\"ADBE Vector Graphic - Fill\\",\\"hd\\":false},{\\"ty\\":\\"tr\\",\\"p\\":{\\"a\\":0,\\"k\\":[0,0],\\"ix\\":2},\\"a\\":{\\"a\\":0,\\"k\\":[0,0],\\"ix\\":1},\\"s\\":{\\"a\\":0,\\"k\\":[100,100],\\"ix\\":3},\\"r\\":{\\"a\\":0,\\"k\\":0,\\"ix\\":6},\\"o\\":{\\"a\\":0,\\"k\\":100,\\"ix\\":7},\\"sk\\":{\\"a\\":0,\\"k\\":0,\\"ix\\":4},\\"sa\\":{\\"a\\":0,\\"k\\":0,\\"ix\\":5},\\"nm\\":\\"Transform\\"}],\\"nm\\":\\"Group 1\\",\\"np\\":2,\\"cix\\":2,\\"bm\\":0,\\"ix\\":1,\\"mn\\":\\"ADBE Vector Group\\",\\"hd\\":false}],\\"ip\\":0,\\"op\\":31,\\"st\\":0,\\"bm\\":0},{\\"ddd\\":0,\\"ind\\":13,\\"ty\\":4,\\"nm\\":\\"Layer 1\\",\\"sr\\":1,\\"ks\\":{\\"o\\":{\\"a\\":0,\\"k\\":100,\\"ix\\":11},\\"r\\":{\\"a\\":0,\\"k\\":0,\\"ix\\":10},\\"p\\":{\\"a\\":0,\\"k\\":[1024,1020,0],\\"ix\\":2},\\"a\\":{\\"a\\":0,\\"k\\":[0,600,0],\\"ix\\":1},\\"s\\":{\\"a\\":0,\\"k\\":[400,400,100],\\"ix\\":6}},\\"ao\\":0,\\"shapes\\":[{\\"ty\\":\\"gr\\",\\"it\\":[{\\"ty\\":\\"rc\\",\\"d\\":3,\\"s\\":{\\"a\\":0,\\"k\\":[400,112],\\"ix\\":2},\\"p\\":{\\"a\\":0,\\"k\\":[0,600],\\"ix\\":3},\\"r\\":{\\"a\\":0,\\"k\\":0,\\"ix\\":4},\\"nm\\":\\"Rectangle Path 1\\",\\"mn\\":\\"ADBE Vector Shape - Rect\\",\\"hd\\":false},{\\"ty\\":\\"fl\\",\\"c\\":{\\"a\\":0,\\"k\\":[0.768627464771,0.796078443527,0.823529422283,1],\\"ix\\":4},\\"o\\":{\\"a\\":0,\\"k\\":100,\\"ix\\":5},\\"r\\":1,\\"bm\\":0,\\"nm\\":\\"Fill 1\\",\\"mn\\":\\"ADBE Vector Graphic - Fill\\",\\"hd\\":false},{\\"ty\\":\\"tr\\",\\"p\\":{\\"a\\":0,\\"k\\":[0,0],\\"ix\\":2},\\"a\\":{\\"a\\":0,\\"k\\":[0,0],\\"ix\\":1},\\"s\\":{\\"a\\":0,\\"k\\":[100,100],\\"ix\\":3},\\"r\\":{\\"a\\":0,\\"k\\":0,\\"ix\\":6},\\"o\\":{\\"a\\":0,\\"k\\":100,\\"ix\\":7},\\"sk\\":{\\"a\\":0,\\"k\\":0,\\"ix\\":4},\\"sa\\":{\\"a\\":0,\\"k\\":0,\\"ix\\":5},\\"nm\\":\\"Transform\\"}],\\"nm\\":\\"Group 1\\",\\"np\\":2,\\"cix\\":2,\\"bm\\":0,\\"ix\\":1,\\"mn\\":\\"ADBE Vector Group\\",\\"hd\\":false}],\\"ip\\":0,\\"op\\":31,\\"st\\":0,\\"bm\\":0}],\\"markers\\":[]}"
        speed={1}
        style={
          Object {
            "aspectRatio": 1,
            "height": "100%",
            "width": 187.5,
          }
        }
      />
    </View>
    <Text
      style={
        Array [
          Object {
            "backgroundColor": "transparent",
            "color": "#000000",
            "fontFamily": "System",
            "fontSize": 28,
            "fontWeight": "400",
            "letterSpacing": 0.355469,
            "lineHeight": 34,
          },
          Object {
            "fontFamily": "Rubik-Regular",
            "textAlign": "center",
          },
        ]
      }
    />
    <Text
      style={
        Array [
          Object {
            "backgroundColor": "transparent",
            "color": "#000000",
            "fontFamily": "System",
            "fontSize": 28,
            "fontWeight": "400",
            "letterSpacing": 0.355469,
            "lineHeight": 34,
          },
          Object {
            "fontFamily": "Rubik-Regular",
            "textAlign": "center",
          },
        ]
      }
    >
      Fetching data from server
    </Text>
  </View>
</View>
`;
